{"command":"story.run","data":{"checkpoints":[],"final":{"clock":0,"pendingWork":{"continuing":[],"finite":[],"nextTimerAt":null},"snapshot":{"children":[],"issues":[],"lifecycle":"active","memory":{},"resources":[],"revision":0,"storeRevision":0,"streams":[],"timers":[],"transactions":[],"value":"idle"}},"storyId":"story","traceOutput":null},"kind":"flow-state-cli-result","outcome":"completed","version":"flow-state/cli-result.v1"}
