{"command":null,"diagnostic":{"category":"story-execution","code":"StoryExecutionFailed","details":{"failure":{"atFailure":{"clock":0,"pendingWork":{"continuing":[],"finite":[],"nextTimerAt":null},"snapshot":{"children":[],"issues":[],"lifecycle":"active","memory":{},"resources":[],"revision":0,"storeRevision":0,"streams":[],"timers":[],"transactions":[],"value":"idle"}},"cause":{"_tag":"Fail","error":"failed"},"cleanup":{"status":"complete"},"commandIndex":0,"completedCheckpoints":[],"final":null,"phase":"command"},"storyId":"story"},"message":"StoryExecutionFailed"},"kind":"flow-state-cli-error","version":"flow-state/cli-result.v1"}
